project:
  name: Test Project
  timezone: America/Los_Angeles
  course:
    name: Test Course
    semester: Summer
    year: 2014
  settings: {}
