project:
  name: Test Project
  timezone: America/Chicago
  course:
    name: Test Course
    semester: Summer
    year: 2014
  settings:
    deadline:
      cutoff_type: none
      deadline: Dec 02, 2024 11:59PM
