project:
  name: Test Project 887d0f976b0f40d99431ce84e2e2b8dc
  timezone: America/Chicago
  course:
    name: Test Course
    semester: Summer
    year: 2014
  settings: {}
  test_suites:
  - name: Suite
    test_cases:
    - name: Test 1
      cmd: echo hello
      feedback:
        normal_fdbk_config: public
        first_failed_test_normal_fdbk_config: pass/fail+timeout
        ultimate_submission_fdbk_config: pass/fail+exit_status
        past_limit_submission_fdbk_config: pass/fail+output
        staff_viewer_fdbk_config: pass/fail+diff
