project:
  name: Test Project
  timezone: America/Chicago
  course:
    name: Test Course
    semester: Summer
    year: 2014
  settings:
    deadline:
      cutoff_type: relative
      deadline: Feb 09, 2021 06:45AM
      cutoff: 42m
