project:
  name: Test Project
  timezone: America/Chicago
  course:
    name: Test Course
    semester: Summer
    year: 2014
  settings:
    deadline:
      cutoff_type: relative
      deadline: Jan 08, 2024 07:59PM
      cutoff: 1d4h2m
